warning: `VIRTUAL_ENV=/opt/anaconda3/envs/msds694` does not match the project environment path `.venv` and will be ignored; use `--active` to target the active environment instead
2026-08-10 12:07:27,850 INFO ml.model_search: verifying the hist_* recompute against the mart ...
2026-08-10 12:07:33,195 INFO ml.model_search: recompute check: {'compared': 8144, 'max_abs_rate_diff': 4.718447854656915e-16, 'max_abs_avg_diff': 3.552713678800501e-14, 'n_exact_match': 8144}
2026-08-10 12:07:33,196 INFO ml.model_search: loading the training window ...
2026-08-10 12:14:22,185 INFO ml.model_search: loaded 16,678,880 training rows
2026-08-10 12:14:22,186 INFO ml.model_search: re-deriving hist_* on the fit window (< 2024-05-06) ...
2026-08-10 12:14:44,031 INFO ml.model_search: fit 15,574,697 rows | val 1,104,183 rows
2026-08-10 12:14:46,847 INFO ml.model_search: search on 2,500,000 fit / 800,000 val rows, scale_pos_weight 3.834
2026-08-10 12:15:18,869 INFO ml.model_search: xgb_incumbent  1/4  PR-AUC 0.49805  ROC 0.71269  (32s)
2026-08-10 12:15:19,812 INFO ml.tracking: mlflow: uri=sqlite:////Users/sebastiansteen/flight-delay-lakehouse/mlflow.db experiment=flight-delay artifacts=gs://de-flight-project-bronze/mlflow
2026-08-10 12:15:19,969 INFO ml.tracking: mlflow: logged run 'search:xgb_incumbent:0' to experiment flight-delay
2026-08-10 12:16:27,661 INFO ml.model_search: xgb_incumbent  2/4  PR-AUC 0.49834  ROC 0.71239  (68s)
2026-08-10 12:16:27,665 INFO ml.tracking: mlflow: uri=sqlite:////Users/sebastiansteen/flight-delay-lakehouse/mlflow.db experiment=flight-delay artifacts=gs://de-flight-project-bronze/mlflow
2026-08-10 12:16:27,675 INFO ml.tracking: mlflow: logged run 'search:xgb_incumbent:1' to experiment flight-delay
2026-08-10 12:17:58,763 INFO ml.model_search: xgb_incumbent  3/4  PR-AUC 0.48490  ROC 0.70020  (91s)
2026-08-10 12:17:58,769 INFO ml.tracking: mlflow: uri=sqlite:////Users/sebastiansteen/flight-delay-lakehouse/mlflow.db experiment=flight-delay artifacts=gs://de-flight-project-bronze/mlflow
2026-08-10 12:17:58,778 INFO ml.tracking: mlflow: logged run 'search:xgb_incumbent:2' to experiment flight-delay
2026-08-10 12:18:22,314 INFO ml.model_search: xgb_incumbent  4/4  PR-AUC 0.50102  ROC 0.71609  (24s)
2026-08-10 12:18:22,316 INFO ml.tracking: mlflow: uri=sqlite:////Users/sebastiansteen/flight-delay-lakehouse/mlflow.db experiment=flight-delay artifacts=gs://de-flight-project-bronze/mlflow
2026-08-10 12:18:22,324 INFO ml.tracking: mlflow: logged run 'search:xgb_incumbent:3' to experiment flight-delay
2026-08-10 12:19:46,270 INFO ml.model_search: lightgbm       1/3  PR-AUC 0.49189  ROC 0.70646  (84s)
2026-08-10 12:19:46,273 INFO ml.tracking: mlflow: uri=sqlite:////Users/sebastiansteen/flight-delay-lakehouse/mlflow.db experiment=flight-delay artifacts=gs://de-flight-project-bronze/mlflow
2026-08-10 12:19:46,283 INFO ml.tracking: mlflow: logged run 'search:lightgbm:0' to experiment flight-delay
2026-08-10 12:20:18,806 INFO ml.model_search: lightgbm       2/3  PR-AUC 0.49356  ROC 0.70882  (32s)
2026-08-10 12:20:18,810 INFO ml.tracking: mlflow: uri=sqlite:////Users/sebastiansteen/flight-delay-lakehouse/mlflow.db experiment=flight-delay artifacts=gs://de-flight-project-bronze/mlflow
2026-08-10 12:20:18,820 INFO ml.tracking: mlflow: logged run 'search:lightgbm:1' to experiment flight-delay
2026-08-10 12:22:33,629 INFO ml.model_search: lightgbm       3/3  PR-AUC 0.48510  ROC 0.70105  (135s)
2026-08-10 12:22:33,632 INFO ml.tracking: mlflow: uri=sqlite:////Users/sebastiansteen/flight-delay-lakehouse/mlflow.db experiment=flight-delay artifacts=gs://de-flight-project-bronze/mlflow
2026-08-10 12:22:33,641 INFO ml.tracking: mlflow: logged run 'search:lightgbm:2' to experiment flight-delay
2026-08-10 12:25:51,338 INFO ml.model_search: catboost       1/7  PR-AUC 0.51040  ROC 0.72444  (197s)
2026-08-10 12:25:51,345 INFO ml.tracking: mlflow: uri=sqlite:////Users/sebastiansteen/flight-delay-lakehouse/mlflow.db experiment=flight-delay artifacts=gs://de-flight-project-bronze/mlflow
2026-08-10 12:25:51,359 INFO ml.tracking: mlflow: logged run 'search:catboost:0' to experiment flight-delay
2026-08-10 12:30:29,815 INFO ml.model_search: catboost       2/7  PR-AUC 0.51285  ROC 0.72611  (278s)
2026-08-10 12:30:29,824 INFO ml.tracking: mlflow: uri=sqlite:////Users/sebastiansteen/flight-delay-lakehouse/mlflow.db experiment=flight-delay artifacts=gs://de-flight-project-bronze/mlflow
2026-08-10 12:30:29,837 INFO ml.tracking: mlflow: logged run 'search:catboost:1' to experiment flight-delay
2026-08-10 12:34:54,625 INFO ml.model_search: catboost       3/7  PR-AUC 0.51008  ROC 0.72449  (265s)
2026-08-10 12:34:54,637 INFO ml.tracking: mlflow: uri=sqlite:////Users/sebastiansteen/flight-delay-lakehouse/mlflow.db experiment=flight-delay artifacts=gs://de-flight-project-bronze/mlflow
2026-08-10 12:34:54,650 INFO ml.tracking: mlflow: logged run 'search:catboost:2' to experiment flight-delay
2026-08-10 12:40:49,327 INFO ml.model_search: catboost       4/7  PR-AUC 0.51225  ROC 0.72562  (355s)
2026-08-10 12:40:49,341 INFO ml.tracking: mlflow: uri=sqlite:////Users/sebastiansteen/flight-delay-lakehouse/mlflow.db experiment=flight-delay artifacts=gs://de-flight-project-bronze/mlflow
2026-08-10 12:40:49,358 INFO ml.tracking: mlflow: logged run 'search:catboost:3' to experiment flight-delay
2026-08-10 12:44:21,446 INFO ml.model_search: catboost       5/7  PR-AUC 0.50683  ROC 0.72222  (212s)
2026-08-10 12:44:21,450 INFO ml.tracking: mlflow: uri=sqlite:////Users/sebastiansteen/flight-delay-lakehouse/mlflow.db experiment=flight-delay artifacts=gs://de-flight-project-bronze/mlflow
2026-08-10 12:44:21,461 INFO ml.tracking: mlflow: logged run 'search:catboost:4' to experiment flight-delay
2026-08-10 12:57:32,212 INFO ml.model_search: catboost       6/7  PR-AUC 0.51433  ROC 0.72663  (791s)
2026-08-10 12:57:32,219 INFO ml.tracking: mlflow: uri=sqlite:////Users/sebastiansteen/flight-delay-lakehouse/mlflow.db experiment=flight-delay artifacts=gs://de-flight-project-bronze/mlflow
2026-08-10 12:57:32,238 INFO ml.tracking: mlflow: logged run 'search:catboost:5' to experiment flight-delay
2026-08-10 13:18:12,252 INFO ml.model_search: catboost       7/7  PR-AUC 0.51460  ROC 0.72684  (1240s)
2026-08-10 13:18:12,261 INFO ml.tracking: mlflow: uri=sqlite:////Users/sebastiansteen/flight-delay-lakehouse/mlflow.db experiment=flight-delay artifacts=gs://de-flight-project-bronze/mlflow
2026-08-10 13:18:12,274 INFO ml.tracking: mlflow: logged run 'search:catboost:6' to experiment flight-delay
2026-08-10 13:18:54,166 INFO ml.model_search: hist_gbdt      1/4  PR-AUC 0.50977  ROC 0.72320  (41s)
2026-08-10 13:18:54,171 INFO ml.tracking: mlflow: uri=sqlite:////Users/sebastiansteen/flight-delay-lakehouse/mlflow.db experiment=flight-delay artifacts=gs://de-flight-project-bronze/mlflow
2026-08-10 13:18:54,182 INFO ml.tracking: mlflow: logged run 'search:hist_gbdt:0' to experiment flight-delay
2026-08-10 13:19:33,909 INFO ml.model_search: hist_gbdt      2/4  PR-AUC 0.50982  ROC 0.72362  (40s)
2026-08-10 13:19:33,912 INFO ml.tracking: mlflow: uri=sqlite:////Users/sebastiansteen/flight-delay-lakehouse/mlflow.db experiment=flight-delay artifacts=gs://de-flight-project-bronze/mlflow
2026-08-10 13:19:33,922 INFO ml.tracking: mlflow: logged run 'search:hist_gbdt:1' to experiment flight-delay
2026-08-10 13:20:21,079 INFO ml.model_search: hist_gbdt      3/4  PR-AUC 0.50775  ROC 0.72244  (47s)
2026-08-10 13:20:21,082 INFO ml.tracking: mlflow: uri=sqlite:////Users/sebastiansteen/flight-delay-lakehouse/mlflow.db experiment=flight-delay artifacts=gs://de-flight-project-bronze/mlflow
2026-08-10 13:20:21,092 INFO ml.tracking: mlflow: logged run 'search:hist_gbdt:2' to experiment flight-delay
2026-08-10 13:21:08,105 INFO ml.model_search: hist_gbdt      4/4  PR-AUC 0.50763  ROC 0.72196  (47s)
2026-08-10 13:21:08,108 INFO ml.tracking: mlflow: uri=sqlite:////Users/sebastiansteen/flight-delay-lakehouse/mlflow.db experiment=flight-delay artifacts=gs://de-flight-project-bronze/mlflow
2026-08-10 13:21:08,120 INFO ml.tracking: mlflow: logged run 'search:hist_gbdt:3' to experiment flight-delay
2026-08-10 13:22:44,430 INFO ml.model_search: extra_trees    1/3  PR-AUC 0.49407  ROC 0.71829  (96s)
2026-08-10 13:22:44,433 INFO ml.tracking: mlflow: uri=sqlite:////Users/sebastiansteen/flight-delay-lakehouse/mlflow.db experiment=flight-delay artifacts=gs://de-flight-project-bronze/mlflow
2026-08-10 13:22:44,443 INFO ml.tracking: mlflow: logged run 'search:extra_trees:0' to experiment flight-delay
2026-08-10 13:24:47,659 INFO ml.model_search: extra_trees    2/3  PR-AUC 0.50182  ROC 0.72249  (123s)
2026-08-10 13:24:47,665 INFO ml.tracking: mlflow: uri=sqlite:////Users/sebastiansteen/flight-delay-lakehouse/mlflow.db experiment=flight-delay artifacts=gs://de-flight-project-bronze/mlflow
2026-08-10 13:24:47,676 INFO ml.tracking: mlflow: logged run 'search:extra_trees:1' to experiment flight-delay
